A representation of an event

## Properties

| Property      | Type   | Required | Description         |
|---------------|--------|----------|---------------------|
| `dtstart`     | string | **true** | Event starting time |
| `summary`     | string | **true** |                     |
| `category`    | string | false    |                     |
| `description` | string | false    |                     |
| `dtend`       | string | false    | Event ending time   |
| `duration`    | string | false    | Event duration      |
| `geo`         |        | false    |                     |
| `location`    | string | false    |                     |
| `rdate`       | string | false    | Recurrence date     |
| `rrule`       | string | false    | Recurrence rule     |
| `url`         | string | false    |                     |

