A representation of a person, company, organization, or place

## Properties

| Property          | Type                      | Required | Description    |
|-------------------|---------------------------|----------|----------------|
| `familyName`      | string                    | **Yes**  |                |
| `givenName`       | string                    | **Yes**  |                |
| `additionalName`  | [array](#additionalname)  | No       |                |
| `adr`             |                           | No       |                |
| `bday`            | string                    | No       |                |
| `email`           | [object](#email)          | No       |                |
| `fn`              | string                    | No       | Formatted Name |
| `geo`             |                           | No       |                |
| `honorificPrefix` | [array](#honorificprefix) | No       |                |
| `honorificSuffix` | [array](#honorificsuffix) | No       |                |
| `logo`            | string                    | No       |                |
| `nickname`        | string                    | No       |                |
| `org`             | [object](#org)            | No       |                |
| `photo`           | string                    | No       |                |
| `role`            | string                    | No       |                |
| `sound`           | string                    | No       |                |
| `tel`             | [object](#tel)            | No       |                |
| `title`           | string                    | No       |                |
| `tz`              | string                    | No       |                |
| `url`             | string                    | No       |                |

## email

### Properties

| Property | Type   | Required | Description |
|----------|--------|----------|-------------|
| `type`   | string | No       |             |
| `value`  | string | No       |             |

## org

### Properties

| Property           | Type   | Required | Description |
|--------------------|--------|----------|-------------|
| `organizationName` | string | No       |             |
| `organizationUnit` | string | No       |             |

## tel

### Properties

| Property | Type   | Required | Description |
|----------|--------|----------|-------------|
| `type`   | string | No       |             |
| `value`  | string | No       |             |

