A representation of a person, company, organization, or place

## Properties

| Property     | Type                 | Required | Description |
|--------------|----------------------|----------|-------------|
| `fruits`     | [array](#fruits)     | No       |             |
| `vegetables` | [array](#vegetables) | No       |             |

